// Jest Snapshot v1, https://goo.gl/fbAQLP

exports[`Task should match snapshot 1`] = `
<div>
  <Paper
    circle={false}
    rounded={true}
    style={
      Object {
        "padding": 10,
        "width": "92%",
      }
    }
    transitionEnabled={true}
    zDepth={1}
  >
    <li
      style={
        Object {
          "cursor": "move",
          "opacity": 0.5,
        }
      }
    />
  </Paper>
</div>
`;
